[  2%] Building CXX object CMakeFiles/rtes_core.dir/src/exchange.cpp.o
[  6%] Building CXX object CMakeFiles/rtes_core.dir/src/client_base.cpp.o
[  6%] Building CXX object CMakeFiles/rtes_core.dir/src/deployment_manager.cpp.o
[  8%] Building CXX object CMakeFiles/rtes_core.dir/src/config.cpp.o
[ 10%] Building CXX object CMakeFiles/rtes_core.dir/src/matching_engine.cpp.o
[ 12%] Building CXX object CMakeFiles/rtes_core.dir/src/error_handling.cpp.o
[ 14%] Building CXX object CMakeFiles/rtes_core.dir/src/input_validation.cpp.o
[ 17%] Building CXX object CMakeFiles/rtes_core.dir/src/memory_safety.cpp.o
In file included from /Users/shivanshu/projects/RTES/src/input_validation.cpp:1:
In file included from /Users/shivanshu/projects/RTES/include/rtes/input_validation.hpp:5:
/Users/shivanshu/projects/RTES/include/rtes/error_handling.hpp:66:31: error: missing ',' between enumerators
   66 |     BACKUP_VERIFICATION_FAILED
      |                               ^
      |                               , 
In file included from /Users/shivanshu/projects/RTES/src/deployment_manager.cpp:1:
In file included from /Users/shivanshu/projects/RTES/include/rtes/deployment_manager.hpp:3:
In file included from /Users/shivanshu/projects/RTES/include/rtes/secure_config.hpp:3:
/Users/shivanshu/projects/RTES/include/rtes/error_handling.hpp:66:31: error: missing ',' between enumerators
   66 |     BACKUP_VERIFICATION_FAILED
      |                               ^
      |                               , 
In file included from /Users/shivanshu/projects/RTES/src/error_handling.cpp:1:
/Users/shivanshu/projects/RTES/include/rtes/error_handling.hpp:66:31: error: missing ',' between enumerators
   66 |     BACKUP_VERIFICATION_FAILED
      |                               ^
      |                               , 
In file included from /Users/shivanshu/projects/RTES/src/matching_engine.cpp:14:
In file included from /Users/shivanshu/projects/RTES/include/rtes/matching_engine.hpp:3:
In file included from /Users/shivanshu/projects/RTES/include/rtes/order_book.hpp:5:
/Users/shivanshu/projects/RTES/include/rtes/error_handling.hpp:66:31: error: missing ',' between enumerators
   66 |     BACKUP_VERIFICATION_FAILED
      |                               ^
      |                               , 
In file included from /Users/shivanshu/projects/RTES/src/exchange.cpp:13:
In file included from /Users/shivanshu/projects/RTES/include/rtes/exchange.hpp:5:
In file included from /Users/shivanshu/projects/RTES/include/rtes/risk_manager.hpp:6:
In file included from /Users/shivanshu/projects/RTES/include/rtes/matching_engine.hpp:3:
In file included from /Users/shivanshu/projects/RTES/include/rtes/order_book.hpp:5:
/Users/shivanshu/projects/RTES/include/rtes/error_handling.hpp:66:31: error: missing ',' between enumerators
   66 |     BACKUP_VERIFICATION_FAILED
      |                               ^
      |                               , 
In file included from /Users/shivanshu/projects/RTES/src/memory_safety.cpp:2:
In file included from /Users/shivanshu/projects/RTES/include/rtes/input_validation.hpp:5:
/Users/shivanshu/projects/RTES/include/rtes/error_handling.hpp:66:31: error: missing ',' between enumerators
   66 |     BACKUP_VERIFICATION_FAILED
      |                               ^
      |                               , 
In file included from /Users/shivanshu/projects/RTES/src/config.cpp:23:
In file included from /Users/shivanshu/projects/RTES/include/rtes/input_validation.hpp:5:
/Users/shivanshu/projects/RTES/include/rtes/error_handling.hpp:66:31: error: missing ',' between enumerators
   66 |     BACKUP_VERIFICATION_FAILED
      |                               ^
      |                               , 
1 error generated.
make[2]: *** [CMakeFiles/rtes_core.dir/src/memory_safety.cpp.o] Error 1
make[2]: *** Waiting for unfinished jobs....
1 error generated.
make[2]: *** [CMakeFiles/rtes_core.dir/src/error_handling.cpp.o] Error 1
1 error generated.
make[2]: *** [CMakeFiles/rtes_core.dir/src/config.cpp.o] Error 1
1 error generated.
make[2]: *** [CMakeFiles/rtes_core.dir/src/matching_engine.cpp.o] Error 1
1 error generated.
make[2]: *** [CMakeFiles/rtes_core.dir/src/exchange.cpp.o] Error 1
1 error generated.
make[2]: *** [CMakeFiles/rtes_core.dir/src/input_validation.cpp.o] Error 1
1 error generated.
make[2]: *** [CMakeFiles/rtes_core.dir/src/deployment_manager.cpp.o] Error 1
make[1]: *** [CMakeFiles/rtes_core.dir/all] Error 2
make: *** [all] Error 2
